Checking the license for package Android SDK Build-Tools 35 in /home/jules/Android/sdk/licenses
License for package Android SDK Build-Tools 35 accepted.
Preparing "Install Android SDK Build-Tools 35 v.35.0.0".
"Install Android SDK Build-Tools 35 v.35.0.0" ready.
Installing Android SDK Build-Tools 35 in /home/jules/Android/sdk/build-tools/35.0.0
"Install Android SDK Build-Tools 35 v.35.0.0" complete.
"Install Android SDK Build-Tools 35 v.35.0.0" finished.
Checking the license for package Android SDK Platform 36 in /home/jules/Android/sdk/licenses
License for package Android SDK Platform 36 accepted.
Preparing "Install Android SDK Platform 36 (revision 2)".
"Install Android SDK Platform 36 (revision 2)" ready.
Installing Android SDK Platform 36 in /home/jules/Android/sdk/platforms/android-36
"Install Android SDK Platform 36 (revision 2)" complete.
"Install Android SDK Platform 36 (revision 2)" finished.
[=========                              ] 25%
Checking the license for package Android SDK Platform-Tools in /home/jules/Android/sdk/licenses
License for package Android SDK Platform-Tools accepted.
Preparing "Install Android SDK Platform-Tools v.37.0.0".
"Install Android SDK Platform-Tools v.37.0.0" ready.
Installing Android SDK Platform-Tools in /home/jules/Android/sdk/platform-tools
"Install Android SDK Platform-Tools v.37.0.0" complete.
"Install Android SDK Platform-Tools v.37.0.0" finished.
> Task :app:extractDebugProto
> Task :app:extractIncludeDebugProto
> Task :app:extractProto
> Task :app:generateDebugProto
> Task :app:preBuild UP-TO-DATE
> Task :app:preDebugBuild UP-TO-DATE
> Task :app:javaPreCompileDebug
> Task :app:checkDebugAarMetadata
> Task :app:processDebugNavigationResources
> Task :app:generateDebugResValues
> Task :app:compileDebugNavigationResources
> Task :app:processDebugGoogleServices
> Task :app:mapDebugSourceSetPaths
> Task :app:generateDebugResources
> Task :app:packageDebugResources
> Task :app:createDebugCompatibleScreenManifests
> Task :app:extractDeepLinksDebug
> Task :app:parseDebugLocalResources
> Task :app:mergeDebugResources

> Task :app:processDebugMainManifest
package="com.antsapps.triples" found in source AndroidManifest.xml: /app/app/src/main/AndroidManifest.xml.
Setting the namespace via the package attribute in the source AndroidManifest.xml is no longer supported, and the value is ignored.
Recommendation: remove package="com.antsapps.triples" from the source AndroidManifest.xml: /app/app/src/main/AndroidManifest.xml.

> Task :app:processDebugManifest
> Task :app:extractTestDebugProto
> Task :app:extractTestProto
> Task :app:preDebugUnitTestBuild UP-TO-DATE
> Task :app:javaPreCompileDebugUnitTest
> Task :app:processDebugManifestForPackage
> Task :app:mergeDebugShaders
> Task :app:compileDebugShaders NO-SOURCE
> Task :app:generateDebugAssets UP-TO-DATE
> Task :app:mergeDebugAssets
> Task :app:processDebugResources
> Task :app:processDebugUnitTestManifest

> Task :app:compileDebugJavaWithJavac
Note: Some input files use or override a deprecated API.
Note: Recompile with -Xlint:deprecation for details.
Note: Some input files use unchecked or unsafe operations.
Note: Recompile with -Xlint:unchecked for details.

> Task :app:bundleDebugClassesToRuntimeJar
> Task :app:packageDebugUnitTestForUnitTest
> Task :app:bundleDebugClassesToCompileJar
> Task :app:generateDebugUnitTestConfig
> Task :app:extractIncludeDebugUnitTestProto
> Task :app:generateDebugUnitTestProto NO-SOURCE

> Task :app:compileDebugUnitTestJavaWithJavac
Note: /app/app/src/test/java/com/antsapps/triples/backend/StatisticsTest.java uses unchecked or unsafe operations.
Note: Recompile with -Xlint:unchecked for details.

> Task :app:processDebugJavaRes NO-SOURCE
> Task :app:processDebugUnitTestJavaRes NO-SOURCE
> Task :app:testDebugUnitTest

OpenJDK 64-Bit Server VM warning: Sharing is only supported for boot loader classes because bootstrap classpath has been appended
OpenJDK 64-Bit Server VM warning: Sharing is only supported for boot loader classes because bootstrap classpath has been appended

> Task :app:extractIncludeReleaseProto
> Task :app:extractReleaseProto
> Task :app:generateReleaseProto
> Task :app:preReleaseBuild UP-TO-DATE
> Task :app:javaPreCompileRelease
> Task :app:checkReleaseAarMetadata
> Task :app:processReleaseNavigationResources
> Task :app:compileReleaseNavigationResources
> Task :app:generateReleaseResValues
> Task :app:processReleaseGoogleServices
> Task :app:mapReleaseSourceSetPaths
> Task :app:generateReleaseResources
> Task :app:packageReleaseResources
> Task :app:createReleaseCompatibleScreenManifests
> Task :app:extractDeepLinksRelease

> Task :app:processReleaseMainManifest
package="com.antsapps.triples" found in source AndroidManifest.xml: /app/app/src/main/AndroidManifest.xml.
Setting the namespace via the package attribute in the source AndroidManifest.xml is no longer supported, and the value is ignored.
Recommendation: remove package="com.antsapps.triples" from the source AndroidManifest.xml: /app/app/src/main/AndroidManifest.xml.

> Task :app:processReleaseManifest
> Task :app:parseReleaseLocalResources
> Task :app:extractTestReleaseProto
> Task :app:processReleaseManifestForPackage
> Task :app:preReleaseUnitTestBuild UP-TO-DATE
> Task :app:javaPreCompileReleaseUnitTest
> Task :app:mergeReleaseShaders
> Task :app:compileReleaseShaders NO-SOURCE
> Task :app:generateReleaseAssets UP-TO-DATE
> Task :app:mergeReleaseAssets
> Task :app:processReleaseUnitTestManifest
> Task :app:processReleaseJavaRes NO-SOURCE
> Task :app:processReleaseUnitTestJavaRes NO-SOURCE
> Task :app:mergeReleaseResources
> Task :app:processReleaseResources

> Task :app:compileReleaseJavaWithJavac
Note: Some input files use or override a deprecated API.
Note: Recompile with -Xlint:deprecation for details.
Note: Some input files use unchecked or unsafe operations.
Note: Recompile with -Xlint:unchecked for details.

> Task :app:bundleReleaseClassesToCompileJar
> Task :app:packageReleaseUnitTestForUnitTest
> Task :app:bundleReleaseClassesToRuntimeJar
> Task :app:extractIncludeReleaseUnitTestProto
> Task :app:generateReleaseUnitTestProto NO-SOURCE

> Task :app:compileReleaseUnitTestJavaWithJavac
Note: /app/app/src/test/java/com/antsapps/triples/backend/StatisticsTest.java uses unchecked or unsafe operations.
Note: Recompile with -Xlint:unchecked for details.

> Task :app:generateReleaseUnitTestConfig
OpenJDK 64-Bit Server VM warning: Sharing is only supported for boot loader classes because bootstrap classpath has been appended
OpenJDK 64-Bit Server VM warning: Sharing is only supported for boot loader classes because bootstrap classpath has been appended
> Task :app:testReleaseUnitTest
> Task :app:test

[Incubating] Problems report is available at: file:///app/build/reports/problems/problems-report.html

Deprecated Gradle features were used in this build, making it incompatible with Gradle 9.0.

You can use '--warning-mode all' to show the individual deprecation warnings and determine if they come from your own scripts or plugins.

For more on this, please refer to https://docs.gradle.org/8.13/userguide/command_line_interface.html#sec:command_line_warnings in the Gradle documentation.

BUILD SUCCESSFUL in 3m 49s
68 actionable tasks: 68 executed
